// Jest Snapshot v1, https://goo.gl/fbAQLP

exports[`ClipboardButton matches snapshot 1`] = `
<button
  className="components-button components-clipboard-button"
  onBlur={[Function]}
  onClick={[Function]}
  onClickCapture={[Function]}
  onCopy={[Function]}
  onFocusCapture={[Function]}
  onKeyDownCapture={[Function]}
  onKeyPressCapture={[Function]}
  onMouseDown={[Function]}
  onMouseDownCapture={[Function]}
  onMouseEnter={[Function]}
  onMouseMove={[Function]}
  type="button"
/>
`;
