// Jest Snapshot v1, https://goo.gl/fbAQLP

exports[`maybeEnqueueFontStyle should enqueue requested font only once 1`] = `
<head>
  <style />
  <link
    crossorigin="anonymous"
    href="https://fonts.googleapis.com/css?family=Roboto%3A400%2C700&subset=latin%2Clatin-ext"
    id="roboto-font"
    media="all"
    rel="stylesheet"
    type="text/css"
  />
</head>
`;
