// Jest Snapshot v1, https://goo.gl/fbAQLP

exports[`AMPNotice matches snapshots 1`] = `
<div
  className="amp-notice amp-notice--success amp-notice--large"
>
  <div
    className="amp-notice__icon"
  >
    <svg
      fill="none"
      height="36"
      viewBox="0 0 35 36"
      width="35"
      xmlns="http://www.w3.org/2000/svg"
    >
      <rect
        height="32.0691"
        rx="16.0345"
        stroke="#00A02F"
        strokeWidth="2"
        width="32.0691"
        x="1.90112"
        y="1.98828"
      />
      <mask
        height="12"
        id="mask-notice-success"
        mask-type="alpha"
        maskUnits="userSpaceOnUse"
        width="16"
        x="10"
        y="12"
      >
        <path
          d="M15.0921 21.461L11.3924 17.7613L10.1326 19.0122L15.0921 23.9718L25.7387 13.3252L24.4877 12.0742L15.0921 21.461Z"
          fill="white"
        />
      </mask>
      <g
        mask="url(#mask-notice-success)"
      >
        <rect
          fill="#00A02F"
          height="21.2932"
          width="21.2932"
          x="7.28906"
          y="7.375"
        />
      </g>
    </svg>
  </div>
  <div
    className="amp-notice__body"
  >
    Component children
  </div>
</div>
`;

exports[`AMPNotice matches snapshots 2`] = `
<div
  className="amp-notice amp-notice--error amp-notice--small"
>
  <div
    className="amp-notice__icon"
  >
    <svg
      fill="none"
      height="44"
      viewBox="0 0 44 44"
      width="44"
      xmlns="http://www.w3.org/2000/svg"
    >
      <path
        d="M8.18125 16.1001L16.4324 7.84902L28.1012 7.84902L36.3523 16.1001L36.3523 27.769L28.1012 36.0201L16.4324 36.0201L8.18125 27.769L8.18125 16.1001Z"
        stroke="#EF0000"
        strokeWidth="2"
      />
      <path
        d="M24.2671 27.4609C24.2671 28.5654 23.3716 29.4609 22.2671 29.4609C21.1626 29.4609 20.2671 28.5654 20.2671 27.4609C20.2671 26.3564 21.1626 25.4609 22.2671 25.4609C23.3716 25.4609 24.2671 26.3564 24.2671 27.4609Z"
        fill="#EF0000"
      />
      <line
        stroke="#EF0000"
        strokeWidth="2"
        x1="22.2891"
        x2="22.2891"
        y1="14.0586"
        y2="23.5659"
      />
    </svg>
  </div>
  <div
    className="amp-notice__body"
  >
    Component children
  </div>
</div>
`;
