// Jest Snapshot v1, https://goo.gl/fbAQLP

exports[`ErrorScreen matches snapshot 1`] = `
<div
  className="error-screen-container"
>
  <div
    className="error-screen components-panel"
  >
    <h1>
      Something went wrong.
    </h1>
    <p
      dangerouslySetInnerHTML={
        Object {
          "__html": "The application failed",
        }
      }
    />
    <details>
      <summary>
        Details
      </summary>
      <pre
        dangerouslySetInnerHTML={
          Object {
            "__html": "ReferenceError: foo is not defined",
          }
        }
      />
      <button
        aria-describedby={null}
        className="components-button components-clipboard-button is-secondary is-small"
        onCopy={[Function]}
        type="button"
      >
        Copy Error
      </button>
    </details>
    <p>
      <a
        href="http://my-exit-link.com"
      >
        Go to homepage
      </a>
    </p>
  </div>
</div>
`;
