// Jest Snapshot v1, https://goo.gl/fbAQLP

exports[`amp/amp-story-page block edit matches snapshot 1`] = `
<div
  style="background-repeat:no-repeat;background-size:cover"
>
  <div
    class="editor-inner-blocks block-editor-inner-blocks"
  >
    <div
      class="editor-block-list__layout block-editor-block-list__layout"
    >
      <div
        class="block-list-appender"
      />
    </div>
  </div>
</div>
`;
